17:34:28 **** Auto Build of configuration Debug for project encoder ****
make all 
Building file: ../src/encoders.cpp
Invoking: MicroBlaze g++ compiler
mb-g++ -Wall -O0 -g3 -c -fmessage-length=0 -MT"src/encoders.o" -I../../encoder_bsp/microblaze_0/include -mno-xl-reorder -mlittle-endian -mxl-barrel-shift -mxl-pattern-compare -mcpu=v11.0 -mno-xl-soft-mul -Wl,--no-relax -ffunction-sections -fdata-sections -MMD -MP -MF"src/encoders.d" -MT"src/encoders.o" -o "src/encoders.o" "../src/encoders.cpp"
In file included from ../src/encoders.cpp:8:
../src/encoders.h: In member function 'void encoders::__init_io()':
../src/encoders.h:30:7: warning: variable 'status' set but not used [-Wunused-but-set-variable]
   int status;
       ^~~~~~
Finished building: ../src/encoders.cpp
 
Building file: ../src/main.cc
Invoking: MicroBlaze g++ compiler
mb-g++ -Wall -O0 -g3 -c -fmessage-length=0 -MT"src/main.o" -I../../encoder_bsp/microblaze_0/include -mno-xl-reorder -mlittle-endian -mxl-barrel-shift -mxl-pattern-compare -mcpu=v11.0 -mno-xl-soft-mul -Wl,--no-relax -ffunction-sections -fdata-sections -MMD -MP -MF"src/main.d" -MT"src/main.o" -o "src/main.o" "../src/main.cc"
Finished building: ../src/main.cc
 
Building target: encoder.elf
Invoking: MicroBlaze g++ linker
mb-g++ -Wl,-T -Wl,../src/lscript.ld -L../../encoder_bsp/microblaze_0/lib -mlittle-endian -mxl-barrel-shift -mxl-pattern-compare -mcpu=v11.0 -mno-xl-soft-mul -Wl,--no-relax -Wl,--gc-sections -o "encoder.elf"  ./src/encoders.o ./src/main.o   -Wl,--start-group,-lxil,-lgcc,-lc,-lstdc++,--end-group
Finished building target: encoder.elf
 
Invoking: MicroBlaze Print Size
mb-size encoder.elf  |tee "encoder.elf.size"
   text	   data	    bss	    dec	    hex	filename
   5608	   1360	   3168	  10136	   2798	encoder.elf
Finished building: encoder.elf.size
 

17:34:30 Build Finished (took 1s.634ms)

